// Jest Snapshot v1, https://goo.gl/fbAQLP

exports[`renders correctly 1`] = `
<DocumentFragment>
  <div
    class="add-task-wrap"
  >
    <input
      class="add-task-input"
      placeholder="Add a new task"
      type="text"
      value=""
    />
    <button
      class="add-task-button"
    >
      Add
    </button>
  </div>
</DocumentFragment>
`;
