// Jest Snapshot v1, https://goo.gl/fbAQLP

exports[`renders correctly 1`] = `
<DocumentFragment>
  <div
    class="task-list-wrap"
  >
    <div
      class="task-item"
    >
      <div
        class="task-content"
      >
        <input
          class="task-checkbox"
          id=":r0:"
          type="checkbox"
        />
        <label
          class="checkbox-label"
          for=":r0:"
        />
        <span
          class="task-description"
          role="description"
        >
          Task 1
        </span>
      </div>
      <div
        class="task-actions"
      >
        <span
          class="task-action"
          role="deleteTask"
        >
          Delete
        </span>
      </div>
      <span
        class="created-date"
      >
        Jun 21 2024, 12:39:57
      </span>
    </div>
    <div
      class="task-item"
    >
      <div
        class="task-content"
      >
        <input
          checked=""
          class="task-checkbox"
          id=":r1:"
          type="checkbox"
        />
        <label
          class="checkbox-label"
          for=":r1:"
        />
        <span
          class="task-description"
          role="description"
        >
          Task 2
        </span>
      </div>
      <div
        class="task-actions"
      >
        <span
          class="task-action"
          role="deleteTask"
        >
          Delete
        </span>
      </div>
      <span
        class="created-date"
      >
        Jun 21 2024, 07:06:37
      </span>
    </div>
  </div>
</DocumentFragment>
`;
