// Jest Snapshot v1, https://goo.gl/fbAQLP

exports[`renders correctly 1`] = `
<DocumentFragment>
  <div
    class="search-task-wrap"
  >
    <input
      class="search-task-input"
      placeholder="Search tasks"
      type="text"
      value=""
    />
    <div
      class="checkbox-wrap"
    >
      <input
        class="checkbox-input"
        id="sort-by-created-date"
        name="sort-by-created-date"
        type="checkbox"
      />
      <label
        class="checkbox-label"
        for="sort-by-created-date"
      >
        Sort by created date
      </label>
    </div>
  </div>
</DocumentFragment>
`;
